mode: set
github.com/teamcubation/go-items-challenge/docs/docs.go:434.13,436.2 1 0
github.com/teamcubation/go-items-challenge/cmd/server/main.go:27.33,29.16 2 0
github.com/teamcubation/go-items-challenge/cmd/server/main.go:29.16,31.3 1 0
github.com/teamcubation/go-items-challenge/cmd/server/main.go:34.13,36.16 2 0
github.com/teamcubation/go-items-challenge/cmd/server/main.go:36.16,38.3 1 0
github.com/teamcubation/go-items-challenge/cmd/server/main.go:40.2,48.16 8 0
github.com/teamcubation/go-items-challenge/cmd/server/main.go:48.16,50.3 1 0
github.com/teamcubation/go-items-challenge/cmd/server/main.go:52.2,85.12 25 0
github.com/teamcubation/go-items-challenge/cmd/server/main.go:85.12,91.3 5 0
github.com/teamcubation/go-items-challenge/cmd/server/main.go:93.2,100.12 3 0
github.com/teamcubation/go-items-challenge/cmd/server/main.go:100.12,101.77 1 0
github.com/teamcubation/go-items-challenge/cmd/server/main.go:101.77,103.4 1 0
github.com/teamcubation/go-items-challenge/cmd/server/main.go:105.2,109.50 4 0
github.com/teamcubation/go-items-challenge/cmd/server/main.go:109.50,112.3 2 0
github.com/teamcubation/go-items-challenge/cmd/server/main.go:113.2,113.31 1 0
github.com/teamcubation/go-items-challenge/internal/adapters/http/presenter/error.go:17.38,19.2 1 0
github.com/teamcubation/go-items-challenge/internal/adapters/http/presenter/error.go:22.84,29.2 1 0
github.com/teamcubation/go-items-challenge/internal/ports/in/mocks/AuthService.go:19.89,22.19 2 0
github.com/teamcubation/go-items-challenge/internal/ports/in/mocks/AuthService.go:22.19,23.47 1 0
github.com/teamcubation/go-items-challenge/internal/ports/in/mocks/AuthService.go:26.2,28.88 3 0
github.com/teamcubation/go-items-challenge/internal/ports/in/mocks/AuthService.go:28.88,30.3 1 0
github.com/teamcubation/go-items-challenge/internal/ports/in/mocks/AuthService.go:31.2,31.79 1 0
github.com/teamcubation/go-items-challenge/internal/ports/in/mocks/AuthService.go:31.79,33.3 1 0
github.com/teamcubation/go-items-challenge/internal/ports/in/mocks/AuthService.go:33.8,35.3 1 0
github.com/teamcubation/go-items-challenge/internal/ports/in/mocks/AuthService.go:37.2,37.78 1 0
github.com/teamcubation/go-items-challenge/internal/ports/in/mocks/AuthService.go:37.78,39.3 1 0
github.com/teamcubation/go-items-challenge/internal/ports/in/mocks/AuthService.go:39.8,41.3 1 0
github.com/teamcubation/go-items-challenge/internal/ports/in/mocks/AuthService.go:43.2,43.15 1 0
github.com/teamcubation/go-items-challenge/internal/ports/in/mocks/AuthService.go:47.94,50.19 2 0
github.com/teamcubation/go-items-challenge/internal/ports/in/mocks/AuthService.go:50.19,51.54 1 0
github.com/teamcubation/go-items-challenge/internal/ports/in/mocks/AuthService.go:54.2,56.86 3 0
github.com/teamcubation/go-items-challenge/internal/ports/in/mocks/AuthService.go:56.86,58.3 1 0
github.com/teamcubation/go-items-challenge/internal/ports/in/mocks/AuthService.go:59.2,59.77 1 0
github.com/teamcubation/go-items-challenge/internal/ports/in/mocks/AuthService.go:59.77,61.3 1 0
github.com/teamcubation/go-items-challenge/internal/ports/in/mocks/AuthService.go:61.8,62.24 1 0
github.com/teamcubation/go-items-challenge/internal/ports/in/mocks/AuthService.go:62.24,64.4 1 0
github.com/teamcubation/go-items-challenge/internal/ports/in/mocks/AuthService.go:67.2,67.72 1 0
github.com/teamcubation/go-items-challenge/internal/ports/in/mocks/AuthService.go:67.72,69.3 1 0
github.com/teamcubation/go-items-challenge/internal/ports/in/mocks/AuthService.go:69.8,71.3 1 0
github.com/teamcubation/go-items-challenge/internal/ports/in/mocks/AuthService.go:73.2,73.15 1 0
github.com/teamcubation/go-items-challenge/internal/ports/in/mocks/AuthService.go:81.17,85.19 3 0
github.com/teamcubation/go-items-challenge/internal/ports/in/mocks/AuthService.go:85.19,85.49 1 0
github.com/teamcubation/go-items-challenge/internal/ports/in/mocks/AuthService.go:87.2,87.13 1 0
github.com/teamcubation/go-items-challenge/internal/ports/in/mocks/ItemService.go:19.92,22.19 2 0
github.com/teamcubation/go-items-challenge/internal/ports/in/mocks/ItemService.go:22.19,23.52 1 0
github.com/teamcubation/go-items-challenge/internal/ports/in/mocks/ItemService.go:26.2,28.86 3 0
github.com/teamcubation/go-items-challenge/internal/ports/in/mocks/ItemService.go:28.86,30.3 1 0
github.com/teamcubation/go-items-challenge/internal/ports/in/mocks/ItemService.go:31.2,31.77 1 0
github.com/teamcubation/go-items-challenge/internal/ports/in/mocks/ItemService.go:31.77,33.3 1 0
github.com/teamcubation/go-items-challenge/internal/ports/in/mocks/ItemService.go:33.8,34.24 1 0
github.com/teamcubation/go-items-challenge/internal/ports/in/mocks/ItemService.go:34.24,36.4 1 0
github.com/teamcubation/go-items-challenge/internal/ports/in/mocks/ItemService.go:39.2,39.72 1 0
github.com/teamcubation/go-items-challenge/internal/ports/in/mocks/ItemService.go:39.72,41.3 1 0
github.com/teamcubation/go-items-challenge/internal/ports/in/mocks/ItemService.go:41.8,43.3 1 0
github.com/teamcubation/go-items-challenge/internal/ports/in/mocks/ItemService.go:45.2,45.15 1 0
github.com/teamcubation/go-items-challenge/internal/ports/in/mocks/ItemService.go:49.84,52.19 2 0
github.com/teamcubation/go-items-challenge/internal/ports/in/mocks/ItemService.go:52.19,53.52 1 0
github.com/teamcubation/go-items-challenge/internal/ports/in/mocks/ItemService.go:56.2,58.79 3 0
github.com/teamcubation/go-items-challenge/internal/ports/in/mocks/ItemService.go:58.79,60.3 1 0
github.com/teamcubation/go-items-challenge/internal/ports/in/mocks/ItemService.go:61.2,61.70 1 0
github.com/teamcubation/go-items-challenge/internal/ports/in/mocks/ItemService.go:61.70,63.3 1 0
github.com/teamcubation/go-items-challenge/internal/ports/in/mocks/ItemService.go:63.8,64.24 1 0
github.com/teamcubation/go-items-challenge/internal/ports/in/mocks/ItemService.go:64.24,66.4 1 0
github.com/teamcubation/go-items-challenge/internal/ports/in/mocks/ItemService.go:69.2,69.65 1 0
github.com/teamcubation/go-items-challenge/internal/ports/in/mocks/ItemService.go:69.65,71.3 1 0
github.com/teamcubation/go-items-challenge/internal/ports/in/mocks/ItemService.go:71.8,73.3 1 0
github.com/teamcubation/go-items-challenge/internal/ports/in/mocks/ItemService.go:75.2,75.15 1 0
github.com/teamcubation/go-items-challenge/internal/ports/in/mocks/ItemService.go:79.85,82.19 2 0
github.com/teamcubation/go-items-challenge/internal/ports/in/mocks/ItemService.go:82.19,83.53 1 0
github.com/teamcubation/go-items-challenge/internal/ports/in/mocks/ItemService.go:86.2,88.79 3 0
github.com/teamcubation/go-items-challenge/internal/ports/in/mocks/ItemService.go:88.79,90.3 1 0
github.com/teamcubation/go-items-challenge/internal/ports/in/mocks/ItemService.go:91.2,91.70 1 0
github.com/teamcubation/go-items-challenge/internal/ports/in/mocks/ItemService.go:91.70,93.3 1 0
github.com/teamcubation/go-items-challenge/internal/ports/in/mocks/ItemService.go:93.8,94.24 1 0
github.com/teamcubation/go-items-challenge/internal/ports/in/mocks/ItemService.go:94.24,96.4 1 0
github.com/teamcubation/go-items-challenge/internal/ports/in/mocks/ItemService.go:99.2,99.65 1 0
github.com/teamcubation/go-items-challenge/internal/ports/in/mocks/ItemService.go:99.65,101.3 1 0
github.com/teamcubation/go-items-challenge/internal/ports/in/mocks/ItemService.go:101.8,103.3 1 0
github.com/teamcubation/go-items-challenge/internal/ports/in/mocks/ItemService.go:105.2,105.15 1 0
github.com/teamcubation/go-items-challenge/internal/ports/in/mocks/ItemService.go:109.80,112.19 2 0
github.com/teamcubation/go-items-challenge/internal/ports/in/mocks/ItemService.go:112.19,113.58 1 0
github.com/teamcubation/go-items-challenge/internal/ports/in/mocks/ItemService.go:116.2,117.67 2 0
github.com/teamcubation/go-items-challenge/internal/ports/in/mocks/ItemService.go:117.67,119.3 1 0
github.com/teamcubation/go-items-challenge/internal/ports/in/mocks/ItemService.go:119.8,121.3 1 0
github.com/teamcubation/go-items-challenge/internal/ports/in/mocks/ItemService.go:123.2,123.11 1 0
github.com/teamcubation/go-items-challenge/internal/ports/in/mocks/ItemService.go:127.118,130.19 2 0
github.com/teamcubation/go-items-challenge/internal/ports/in/mocks/ItemService.go:130.19,131.51 1 0
github.com/teamcubation/go-items-challenge/internal/ports/in/mocks/ItemService.go:134.2,137.99 4 0
github.com/teamcubation/go-items-challenge/internal/ports/in/mocks/ItemService.go:137.99,139.3 1 0
github.com/teamcubation/go-items-challenge/internal/ports/in/mocks/ItemService.go:140.2,140.85 1 0
github.com/teamcubation/go-items-challenge/internal/ports/in/mocks/ItemService.go:140.85,142.3 1 0
github.com/teamcubation/go-items-challenge/internal/ports/in/mocks/ItemService.go:142.8,143.24 1 0
github.com/teamcubation/go-items-challenge/internal/ports/in/mocks/ItemService.go:143.24,145.4 1 0
github.com/teamcubation/go-items-challenge/internal/ports/in/mocks/ItemService.go:148.2,148.76 1 0
github.com/teamcubation/go-items-challenge/internal/ports/in/mocks/ItemService.go:148.76,150.3 1 0
github.com/teamcubation/go-items-challenge/internal/ports/in/mocks/ItemService.go:150.8,152.3 1 0
github.com/teamcubation/go-items-challenge/internal/ports/in/mocks/ItemService.go:154.2,154.78 1 0
github.com/teamcubation/go-items-challenge/internal/ports/in/mocks/ItemService.go:154.78,156.3 1 0
github.com/teamcubation/go-items-challenge/internal/ports/in/mocks/ItemService.go:156.8,158.3 1 0
github.com/teamcubation/go-items-challenge/internal/ports/in/mocks/ItemService.go:160.2,160.19 1 0
github.com/teamcubation/go-items-challenge/internal/ports/in/mocks/ItemService.go:164.92,167.19 2 0
github.com/teamcubation/go-items-challenge/internal/ports/in/mocks/ItemService.go:167.19,168.52 1 0
github.com/teamcubation/go-items-challenge/internal/ports/in/mocks/ItemService.go:171.2,173.86 3 0
github.com/teamcubation/go-items-challenge/internal/ports/in/mocks/ItemService.go:173.86,175.3 1 0
github.com/teamcubation/go-items-challenge/internal/ports/in/mocks/ItemService.go:176.2,176.77 1 0
github.com/teamcubation/go-items-challenge/internal/ports/in/mocks/ItemService.go:176.77,178.3 1 0
github.com/teamcubation/go-items-challenge/internal/ports/in/mocks/ItemService.go:178.8,179.24 1 0
github.com/teamcubation/go-items-challenge/internal/ports/in/mocks/ItemService.go:179.24,181.4 1 0
github.com/teamcubation/go-items-challenge/internal/ports/in/mocks/ItemService.go:184.2,184.72 1 0
github.com/teamcubation/go-items-challenge/internal/ports/in/mocks/ItemService.go:184.72,186.3 1 0
github.com/teamcubation/go-items-challenge/internal/ports/in/mocks/ItemService.go:186.8,188.3 1 0
github.com/teamcubation/go-items-challenge/internal/ports/in/mocks/ItemService.go:190.2,190.15 1 0
github.com/teamcubation/go-items-challenge/internal/ports/in/mocks/ItemService.go:198.17,202.19 3 0
github.com/teamcubation/go-items-challenge/internal/ports/in/mocks/ItemService.go:202.19,202.49 1 0
github.com/teamcubation/go-items-challenge/internal/ports/in/mocks/ItemService.go:204.2,204.13 1 0
github.com/teamcubation/go-items-challenge/internal/ports/out/mocks/CategoryClient.go:17.87,20.19 2 0
github.com/teamcubation/go-items-challenge/internal/ports/out/mocks/CategoryClient.go:20.19,21.58 1 0
github.com/teamcubation/go-items-challenge/internal/ports/out/mocks/CategoryClient.go:24.2,26.73 3 0
github.com/teamcubation/go-items-challenge/internal/ports/out/mocks/CategoryClient.go:26.73,28.3 1 0
github.com/teamcubation/go-items-challenge/internal/ports/out/mocks/CategoryClient.go:29.2,29.64 1 0
github.com/teamcubation/go-items-challenge/internal/ports/out/mocks/CategoryClient.go:29.64,31.3 1 0
github.com/teamcubation/go-items-challenge/internal/ports/out/mocks/CategoryClient.go:31.8,33.3 1 0
github.com/teamcubation/go-items-challenge/internal/ports/out/mocks/CategoryClient.go:35.2,35.65 1 0
github.com/teamcubation/go-items-challenge/internal/ports/out/mocks/CategoryClient.go:35.65,37.3 1 0
github.com/teamcubation/go-items-challenge/internal/ports/out/mocks/CategoryClient.go:37.8,39.3 1 0
github.com/teamcubation/go-items-challenge/internal/ports/out/mocks/CategoryClient.go:41.2,41.15 1 0
github.com/teamcubation/go-items-challenge/internal/ports/out/mocks/CategoryClient.go:49.20,53.19 3 0
github.com/teamcubation/go-items-challenge/internal/ports/out/mocks/CategoryClient.go:53.19,53.49 1 0
github.com/teamcubation/go-items-challenge/internal/ports/out/mocks/CategoryClient.go:55.2,55.13 1 0
github.com/teamcubation/go-items-challenge/internal/ports/out/mocks/ItemRepository.go:18.95,21.19 2 0
github.com/teamcubation/go-items-challenge/internal/ports/out/mocks/ItemRepository.go:21.19,22.52 1 0
github.com/teamcubation/go-items-challenge/internal/ports/out/mocks/ItemRepository.go:25.2,27.86 3 0
github.com/teamcubation/go-items-challenge/internal/ports/out/mocks/ItemRepository.go:27.86,29.3 1 0
github.com/teamcubation/go-items-challenge/internal/ports/out/mocks/ItemRepository.go:30.2,30.77 1 0
github.com/teamcubation/go-items-challenge/internal/ports/out/mocks/ItemRepository.go:30.77,32.3 1 0
github.com/teamcubation/go-items-challenge/internal/ports/out/mocks/ItemRepository.go:32.8,33.24 1 0
github.com/teamcubation/go-items-challenge/internal/ports/out/mocks/ItemRepository.go:33.24,35.4 1 0
github.com/teamcubation/go-items-challenge/internal/ports/out/mocks/ItemRepository.go:38.2,38.72 1 0
github.com/teamcubation/go-items-challenge/internal/ports/out/mocks/ItemRepository.go:38.72,40.3 1 0
github.com/teamcubation/go-items-challenge/internal/ports/out/mocks/ItemRepository.go:40.8,42.3 1 0
github.com/teamcubation/go-items-challenge/internal/ports/out/mocks/ItemRepository.go:44.2,44.15 1 0
github.com/teamcubation/go-items-challenge/internal/ports/out/mocks/ItemRepository.go:48.87,51.19 2 0
github.com/teamcubation/go-items-challenge/internal/ports/out/mocks/ItemRepository.go:51.19,52.52 1 0
github.com/teamcubation/go-items-challenge/internal/ports/out/mocks/ItemRepository.go:55.2,57.79 3 0
github.com/teamcubation/go-items-challenge/internal/ports/out/mocks/ItemRepository.go:57.79,59.3 1 0
github.com/teamcubation/go-items-challenge/internal/ports/out/mocks/ItemRepository.go:60.2,60.70 1 0
github.com/teamcubation/go-items-challenge/internal/ports/out/mocks/ItemRepository.go:60.70,62.3 1 0
github.com/teamcubation/go-items-challenge/internal/ports/out/mocks/ItemRepository.go:62.8,63.24 1 0
github.com/teamcubation/go-items-challenge/internal/ports/out/mocks/ItemRepository.go:63.24,65.4 1 0
github.com/teamcubation/go-items-challenge/internal/ports/out/mocks/ItemRepository.go:68.2,68.65 1 0
github.com/teamcubation/go-items-challenge/internal/ports/out/mocks/ItemRepository.go:68.65,70.3 1 0
github.com/teamcubation/go-items-challenge/internal/ports/out/mocks/ItemRepository.go:70.8,72.3 1 0
github.com/teamcubation/go-items-challenge/internal/ports/out/mocks/ItemRepository.go:74.2,74.15 1 0
github.com/teamcubation/go-items-challenge/internal/ports/out/mocks/ItemRepository.go:78.88,81.19 2 0
github.com/teamcubation/go-items-challenge/internal/ports/out/mocks/ItemRepository.go:81.19,82.53 1 0
github.com/teamcubation/go-items-challenge/internal/ports/out/mocks/ItemRepository.go:85.2,87.79 3 0
github.com/teamcubation/go-items-challenge/internal/ports/out/mocks/ItemRepository.go:87.79,89.3 1 0
github.com/teamcubation/go-items-challenge/internal/ports/out/mocks/ItemRepository.go:90.2,90.70 1 0
github.com/teamcubation/go-items-challenge/internal/ports/out/mocks/ItemRepository.go:90.70,92.3 1 0
github.com/teamcubation/go-items-challenge/internal/ports/out/mocks/ItemRepository.go:92.8,93.24 1 0
github.com/teamcubation/go-items-challenge/internal/ports/out/mocks/ItemRepository.go:93.24,95.4 1 0
github.com/teamcubation/go-items-challenge/internal/ports/out/mocks/ItemRepository.go:98.2,98.65 1 0
github.com/teamcubation/go-items-challenge/internal/ports/out/mocks/ItemRepository.go:98.65,100.3 1 0
github.com/teamcubation/go-items-challenge/internal/ports/out/mocks/ItemRepository.go:100.8,102.3 1 0
github.com/teamcubation/go-items-challenge/internal/ports/out/mocks/ItemRepository.go:104.2,104.15 1 0
github.com/teamcubation/go-items-challenge/internal/ports/out/mocks/ItemRepository.go:108.83,111.19 2 0
github.com/teamcubation/go-items-challenge/internal/ports/out/mocks/ItemRepository.go:111.19,112.58 1 0
github.com/teamcubation/go-items-challenge/internal/ports/out/mocks/ItemRepository.go:115.2,116.67 2 0
github.com/teamcubation/go-items-challenge/internal/ports/out/mocks/ItemRepository.go:116.67,118.3 1 0
github.com/teamcubation/go-items-challenge/internal/ports/out/mocks/ItemRepository.go:118.8,120.3 1 0
github.com/teamcubation/go-items-challenge/internal/ports/out/mocks/ItemRepository.go:122.2,122.11 1 0
github.com/teamcubation/go-items-challenge/internal/ports/out/mocks/ItemRepository.go:126.118,129.19 2 0
github.com/teamcubation/go-items-challenge/internal/ports/out/mocks/ItemRepository.go:129.19,130.51 1 0
github.com/teamcubation/go-items-challenge/internal/ports/out/mocks/ItemRepository.go:133.2,135.96 3 0
github.com/teamcubation/go-items-challenge/internal/ports/out/mocks/ItemRepository.go:135.96,137.3 1 0
github.com/teamcubation/go-items-challenge/internal/ports/out/mocks/ItemRepository.go:138.2,138.87 1 0
github.com/teamcubation/go-items-challenge/internal/ports/out/mocks/ItemRepository.go:138.87,140.3 1 0
github.com/teamcubation/go-items-challenge/internal/ports/out/mocks/ItemRepository.go:140.8,141.24 1 0
github.com/teamcubation/go-items-challenge/internal/ports/out/mocks/ItemRepository.go:141.24,143.4 1 0
github.com/teamcubation/go-items-challenge/internal/ports/out/mocks/ItemRepository.go:146.2,146.78 1 0
github.com/teamcubation/go-items-challenge/internal/ports/out/mocks/ItemRepository.go:146.78,148.3 1 0
github.com/teamcubation/go-items-challenge/internal/ports/out/mocks/ItemRepository.go:148.8,150.3 1 0
github.com/teamcubation/go-items-challenge/internal/ports/out/mocks/ItemRepository.go:152.2,152.15 1 0
github.com/teamcubation/go-items-challenge/internal/ports/out/mocks/ItemRepository.go:156.95,159.19 2 0
github.com/teamcubation/go-items-challenge/internal/ports/out/mocks/ItemRepository.go:159.19,160.52 1 0
github.com/teamcubation/go-items-challenge/internal/ports/out/mocks/ItemRepository.go:163.2,165.86 3 0
github.com/teamcubation/go-items-challenge/internal/ports/out/mocks/ItemRepository.go:165.86,167.3 1 0
github.com/teamcubation/go-items-challenge/internal/ports/out/mocks/ItemRepository.go:168.2,168.77 1 0
github.com/teamcubation/go-items-challenge/internal/ports/out/mocks/ItemRepository.go:168.77,170.3 1 0
github.com/teamcubation/go-items-challenge/internal/ports/out/mocks/ItemRepository.go:170.8,171.24 1 0
github.com/teamcubation/go-items-challenge/internal/ports/out/mocks/ItemRepository.go:171.24,173.4 1 0
github.com/teamcubation/go-items-challenge/internal/ports/out/mocks/ItemRepository.go:176.2,176.72 1 0
github.com/teamcubation/go-items-challenge/internal/ports/out/mocks/ItemRepository.go:176.72,178.3 1 0
github.com/teamcubation/go-items-challenge/internal/ports/out/mocks/ItemRepository.go:178.8,180.3 1 0
github.com/teamcubation/go-items-challenge/internal/ports/out/mocks/ItemRepository.go:182.2,182.15 1 0
github.com/teamcubation/go-items-challenge/internal/ports/out/mocks/ItemRepository.go:190.20,194.19 3 0
github.com/teamcubation/go-items-challenge/internal/ports/out/mocks/ItemRepository.go:194.19,194.49 1 0
github.com/teamcubation/go-items-challenge/internal/ports/out/mocks/ItemRepository.go:196.2,196.13 1 0
github.com/teamcubation/go-items-challenge/internal/ports/out/mocks/UserRepository.go:19.79,22.19 2 0
github.com/teamcubation/go-items-challenge/internal/ports/out/mocks/UserRepository.go:22.19,23.52 1 0
github.com/teamcubation/go-items-challenge/internal/ports/out/mocks/UserRepository.go:26.2,27.72 2 0
github.com/teamcubation/go-items-challenge/internal/ports/out/mocks/UserRepository.go:27.72,29.3 1 0
github.com/teamcubation/go-items-challenge/internal/ports/out/mocks/UserRepository.go:29.8,31.3 1 0
github.com/teamcubation/go-items-challenge/internal/ports/out/mocks/UserRepository.go:33.2,33.11 1 0
github.com/teamcubation/go-items-challenge/internal/ports/out/mocks/UserRepository.go:37.103,40.19 2 0
github.com/teamcubation/go-items-challenge/internal/ports/out/mocks/UserRepository.go:40.19,41.59 1 0
github.com/teamcubation/go-items-challenge/internal/ports/out/mocks/UserRepository.go:44.2,46.82 3 0
github.com/teamcubation/go-items-challenge/internal/ports/out/mocks/UserRepository.go:46.82,48.3 1 0
github.com/teamcubation/go-items-challenge/internal/ports/out/mocks/UserRepository.go:49.2,49.73 1 0
github.com/teamcubation/go-items-challenge/internal/ports/out/mocks/UserRepository.go:49.73,51.3 1 0
github.com/teamcubation/go-items-challenge/internal/ports/out/mocks/UserRepository.go:51.8,52.24 1 0
github.com/teamcubation/go-items-challenge/internal/ports/out/mocks/UserRepository.go:52.24,54.4 1 0
github.com/teamcubation/go-items-challenge/internal/ports/out/mocks/UserRepository.go:57.2,57.68 1 0
github.com/teamcubation/go-items-challenge/internal/ports/out/mocks/UserRepository.go:57.68,59.3 1 0
github.com/teamcubation/go-items-challenge/internal/ports/out/mocks/UserRepository.go:59.8,61.3 1 0
github.com/teamcubation/go-items-challenge/internal/ports/out/mocks/UserRepository.go:63.2,63.15 1 0
github.com/teamcubation/go-items-challenge/internal/ports/out/mocks/UserRepository.go:71.20,75.19 3 0
github.com/teamcubation/go-items-challenge/internal/ports/out/mocks/UserRepository.go:75.19,75.49 1 0
github.com/teamcubation/go-items-challenge/internal/ports/out/mocks/UserRepository.go:77.2,77.13 1 0
github.com/teamcubation/go-items-challenge/internal/utils/http_utils.go:8.70,11.16 3 0
github.com/teamcubation/go-items-challenge/internal/utils/http_utils.go:11.16,13.3 1 0
github.com/teamcubation/go-items-challenge/internal/utils/password.go:5.52,8.2 2 0
github.com/teamcubation/go-items-challenge/internal/utils/token.go:16.48,26.16 5 0
github.com/teamcubation/go-items-challenge/internal/utils/token.go:26.16,28.3 1 0
github.com/teamcubation/go-items-challenge/internal/utils/token.go:29.2,29.25 1 0
github.com/teamcubation/go-items-challenge/internal/utils/validate_fields.go:7.13,9.2 1 0
github.com/teamcubation/go-items-challenge/internal/utils/validate_fields.go:10.45,12.2 1 0
github.com/teamcubation/go-items-challenge/pkg/log/logger.go:17.33,24.2 5 0
github.com/teamcubation/go-items-challenge/pkg/log/logger.go:26.33,27.23 1 0
github.com/teamcubation/go-items-challenge/pkg/log/logger.go:27.23,29.3 1 0
github.com/teamcubation/go-items-challenge/pkg/log/logger.go:31.2,31.19 1 0
github.com/teamcubation/go-items-challenge/pkg/log/logger.go:34.47,36.17 2 0
github.com/teamcubation/go-items-challenge/pkg/log/logger.go:36.17,38.3 1 0
github.com/teamcubation/go-items-challenge/pkg/log/logger.go:40.2,42.73 2 0
github.com/teamcubation/go-items-challenge/pkg/log/logger.go:45.56,47.9 2 0
github.com/teamcubation/go-items-challenge/pkg/log/logger.go:47.9,49.3 1 0
github.com/teamcubation/go-items-challenge/pkg/log/logger.go:51.2,51.15 1 0
github.com/teamcubation/go-items-challenge/pkg/log/logger.go:54.56,56.2 1 0
github.com/teamcubation/go-items-challenge/pkg/log/logger.go:58.36,60.2 1 0
github.com/teamcubation/go-items-challenge/internal/adapters/http/presenter/error.go:17.38,19.2 1 0
github.com/teamcubation/go-items-challenge/internal/adapters/http/presenter/error.go:22.84,29.2 1 1
github.com/teamcubation/go-items-challenge/internal/application/auth_service.go:19.59,21.2 1 0
github.com/teamcubation/go-items-challenge/internal/application/auth_service.go:23.99,26.16 3 0
github.com/teamcubation/go-items-challenge/internal/application/auth_service.go:26.16,28.3 1 0
github.com/teamcubation/go-items-challenge/internal/application/auth_service.go:30.2,30.22 1 0
github.com/teamcubation/go-items-challenge/internal/application/auth_service.go:30.22,32.3 1 0
github.com/teamcubation/go-items-challenge/internal/application/auth_service.go:34.2,35.16 2 0
github.com/teamcubation/go-items-challenge/internal/application/auth_service.go:35.16,37.3 1 0
github.com/teamcubation/go-items-challenge/internal/application/auth_service.go:39.2,42.58 3 0
github.com/teamcubation/go-items-challenge/internal/application/auth_service.go:42.58,44.3 1 0
github.com/teamcubation/go-items-challenge/internal/application/auth_service.go:46.2,46.21 1 0
github.com/teamcubation/go-items-challenge/internal/application/auth_service.go:49.92,51.16 2 0
github.com/teamcubation/go-items-challenge/internal/application/auth_service.go:51.16,53.3 1 0
github.com/teamcubation/go-items-challenge/internal/application/auth_service.go:55.2,55.62 1 0
github.com/teamcubation/go-items-challenge/internal/application/auth_service.go:55.62,57.3 1 0
github.com/teamcubation/go-items-challenge/internal/application/auth_service.go:59.2,59.66 1 0
github.com/teamcubation/go-items-challenge/internal/application/auth_service.go:59.66,61.3 1 0
github.com/teamcubation/go-items-challenge/internal/application/auth_service.go:64.2,65.16 2 0
github.com/teamcubation/go-items-challenge/internal/application/auth_service.go:65.16,67.3 1 0
github.com/teamcubation/go-items-challenge/internal/application/auth_service.go:69.2,69.19 1 0
github.com/teamcubation/go-items-challenge/internal/application/item_service.go:18.86,20.2 1 0
github.com/teamcubation/go-items-challenge/internal/application/item_service.go:22.92,23.21 1 0
github.com/teamcubation/go-items-challenge/internal/application/item_service.go:23.21,25.3 1 0
github.com/teamcubation/go-items-challenge/internal/application/item_service.go:28.2,29.16 2 0
github.com/teamcubation/go-items-challenge/internal/application/item_service.go:29.16,31.3 1 0
github.com/teamcubation/go-items-challenge/internal/application/item_service.go:32.2,32.14 1 0
github.com/teamcubation/go-items-challenge/internal/application/item_service.go:32.14,34.3 1 0
github.com/teamcubation/go-items-challenge/internal/application/item_service.go:36.2,36.45 1 0
github.com/teamcubation/go-items-challenge/internal/application/item_service.go:36.45,38.3 1 0
github.com/teamcubation/go-items-challenge/internal/application/item_service.go:39.2,43.37 5 0
github.com/teamcubation/go-items-challenge/internal/application/item_service.go:46.84,51.16 4 0
github.com/teamcubation/go-items-challenge/internal/application/item_service.go:51.16,53.3 1 0
github.com/teamcubation/go-items-challenge/internal/application/item_service.go:54.2,54.16 1 0
github.com/teamcubation/go-items-challenge/internal/application/item_service.go:54.16,56.3 1 0
github.com/teamcubation/go-items-challenge/internal/application/item_service.go:57.2,57.17 1 0
github.com/teamcubation/go-items-challenge/internal/application/item_service.go:60.99,62.16 2 0
github.com/teamcubation/go-items-challenge/internal/application/item_service.go:62.16,64.3 1 0
github.com/teamcubation/go-items-challenge/internal/application/item_service.go:65.2,65.25 1 0
github.com/teamcubation/go-items-challenge/internal/application/item_service.go:65.25,67.3 1 0
github.com/teamcubation/go-items-challenge/internal/application/item_service.go:70.2,70.29 1 0
github.com/teamcubation/go-items-challenge/internal/application/item_service.go:70.29,72.3 1 0
github.com/teamcubation/go-items-challenge/internal/application/item_service.go:73.2,73.35 1 0
github.com/teamcubation/go-items-challenge/internal/application/item_service.go:73.35,75.3 1 0
github.com/teamcubation/go-items-challenge/internal/application/item_service.go:76.2,76.28 1 0
github.com/teamcubation/go-items-challenge/internal/application/item_service.go:76.28,78.3 1 0
github.com/teamcubation/go-items-challenge/internal/application/item_service.go:80.2,84.16 4 0
github.com/teamcubation/go-items-challenge/internal/application/item_service.go:84.16,86.3 1 0
github.com/teamcubation/go-items-challenge/internal/application/item_service.go:87.2,87.20 1 0
github.com/teamcubation/go-items-challenge/internal/application/item_service.go:90.83,94.55 3 0
github.com/teamcubation/go-items-challenge/internal/application/item_service.go:94.55,96.3 1 0
github.com/teamcubation/go-items-challenge/internal/application/item_service.go:98.2,98.35 1 0
github.com/teamcubation/go-items-challenge/internal/application/item_service.go:101.117,105.18 3 0
github.com/teamcubation/go-items-challenge/internal/application/item_service.go:105.18,107.3 1 0
github.com/teamcubation/go-items-challenge/internal/application/item_service.go:109.2,110.16 2 0
github.com/teamcubation/go-items-challenge/internal/application/item_service.go:110.16,112.3 1 0
github.com/teamcubation/go-items-challenge/internal/application/item_service.go:114.2,116.33 3 0
github.com/teamcubation/go-items-challenge/internal/application/item_service.go:116.33,118.3 1 0
github.com/teamcubation/go-items-challenge/internal/application/item_service.go:119.2,119.32 1 0
github.com/teamcubation/go-items-challenge/internal/application/item_service.go:122.74,124.2 1 0
github.com/teamcubation/go-items-challenge/internal/application/item_service.go:126.23,128.2 1 0
github.com/teamcubation/go-items-challenge/internal/application/item_service.go:130.40,131.15 1 0
github.com/teamcubation/go-items-challenge/internal/application/item_service.go:131.15,133.3 1 0
github.com/teamcubation/go-items-challenge/internal/application/item_service.go:134.2,134.19 1 0
github.com/teamcubation/go-items-challenge/internal/utils/http_utils.go:8.70,11.16 3 0
github.com/teamcubation/go-items-challenge/internal/utils/http_utils.go:11.16,13.3 1 0
github.com/teamcubation/go-items-challenge/internal/utils/password.go:5.52,8.2 2 0
github.com/teamcubation/go-items-challenge/internal/utils/token.go:16.48,26.16 5 0
github.com/teamcubation/go-items-challenge/internal/utils/token.go:26.16,28.3 1 0
github.com/teamcubation/go-items-challenge/internal/utils/token.go:29.2,29.25 1 0
github.com/teamcubation/go-items-challenge/internal/utils/validate_fields.go:7.13,9.2 1 1
github.com/teamcubation/go-items-challenge/internal/utils/validate_fields.go:10.45,12.2 1 0
github.com/teamcubation/go-items-challenge/pkg/log/logger.go:17.33,24.2 5 0
github.com/teamcubation/go-items-challenge/pkg/log/logger.go:26.33,27.23 1 0
github.com/teamcubation/go-items-challenge/pkg/log/logger.go:27.23,29.3 1 0
github.com/teamcubation/go-items-challenge/pkg/log/logger.go:31.2,31.19 1 0
github.com/teamcubation/go-items-challenge/pkg/log/logger.go:34.47,36.17 2 0
github.com/teamcubation/go-items-challenge/pkg/log/logger.go:36.17,38.3 1 0
github.com/teamcubation/go-items-challenge/pkg/log/logger.go:40.2,42.73 2 0
github.com/teamcubation/go-items-challenge/pkg/log/logger.go:45.56,47.9 2 0
github.com/teamcubation/go-items-challenge/pkg/log/logger.go:47.9,49.3 1 0
github.com/teamcubation/go-items-challenge/pkg/log/logger.go:51.2,51.15 1 0
github.com/teamcubation/go-items-challenge/pkg/log/logger.go:54.56,56.2 1 0
github.com/teamcubation/go-items-challenge/pkg/log/logger.go:58.36,60.2 1 0
github.com/teamcubation/go-items-challenge/internal/adapters/http/auth_handler.go:18.54,20.2 1 1
github.com/teamcubation/go-items-challenge/internal/adapters/http/auth_handler.go:33.72,37.59 3 1
github.com/teamcubation/go-items-challenge/internal/adapters/http/auth_handler.go:37.59,40.6 1 0
github.com/teamcubation/go-items-challenge/internal/adapters/http/auth_handler.go:43.2,43.42 1 1
github.com/teamcubation/go-items-challenge/internal/adapters/http/auth_handler.go:43.42,47.6 1 1
github.com/teamcubation/go-items-challenge/internal/adapters/http/auth_handler.go:50.2,51.16 2 1
github.com/teamcubation/go-items-challenge/internal/adapters/http/auth_handler.go:51.16,52.13 1 1
github.com/teamcubation/go-items-challenge/internal/adapters/http/auth_handler.go:55.2,56.109 2 1
github.com/teamcubation/go-items-challenge/internal/adapters/http/auth_handler.go:56.109,59.6 1 0
github.com/teamcubation/go-items-challenge/internal/adapters/http/auth_handler.go:75.69,81.63 5 1
github.com/teamcubation/go-items-challenge/internal/adapters/http/auth_handler.go:81.63,84.6 1 0
github.com/teamcubation/go-items-challenge/internal/adapters/http/auth_handler.go:87.2,87.50 1 1
github.com/teamcubation/go-items-challenge/internal/adapters/http/auth_handler.go:87.50,91.6 1 0
github.com/teamcubation/go-items-challenge/internal/adapters/http/auth_handler.go:93.2,93.53 1 1
github.com/teamcubation/go-items-challenge/internal/adapters/http/auth_handler.go:93.53,96.6 1 0
github.com/teamcubation/go-items-challenge/internal/adapters/http/auth_handler.go:98.2,99.16 2 1
github.com/teamcubation/go-items-challenge/internal/adapters/http/auth_handler.go:99.16,100.13 1 0
github.com/teamcubation/go-items-challenge/internal/adapters/http/auth_handler.go:103.2,103.85 1 1
github.com/teamcubation/go-items-challenge/internal/adapters/http/auth_handler.go:103.85,106.6 1 0
github.com/teamcubation/go-items-challenge/internal/adapters/http/export_handler.go:16.66,18.2 1 0
github.com/teamcubation/go-items-challenge/internal/adapters/http/export_handler.go:20.72,22.18 2 0
github.com/teamcubation/go-items-challenge/internal/adapters/http/export_handler.go:22.18,25.3 2 0
github.com/teamcubation/go-items-challenge/internal/adapters/http/export_handler.go:27.2,27.16 1 0
github.com/teamcubation/go-items-challenge/internal/adapters/http/export_handler.go:28.13,29.20 1 0
github.com/teamcubation/go-items-challenge/internal/adapters/http/export_handler.go:30.10,31.61 1 0
github.com/teamcubation/go-items-challenge/internal/adapters/http/export_handler.go:35.75,37.16 2 0
github.com/teamcubation/go-items-challenge/internal/adapters/http/export_handler.go:37.16,40.3 2 0
github.com/teamcubation/go-items-challenge/internal/adapters/http/export_handler.go:42.2,49.29 6 0
github.com/teamcubation/go-items-challenge/internal/adapters/http/export_handler.go:49.29,59.17 2 0
github.com/teamcubation/go-items-challenge/internal/adapters/http/export_handler.go:59.17,63.4 3 0
github.com/teamcubation/go-items-challenge/internal/adapters/http/item_handler.go:20.62,22.2 1 1
github.com/teamcubation/go-items-challenge/internal/adapters/http/item_handler.go:34.74,36.61 2 1
github.com/teamcubation/go-items-challenge/internal/adapters/http/item_handler.go:36.61,39.6 1 0
github.com/teamcubation/go-items-challenge/internal/adapters/http/item_handler.go:41.2,41.51 1 1
github.com/teamcubation/go-items-challenge/internal/adapters/http/item_handler.go:41.51,44.6 1 0
github.com/teamcubation/go-items-challenge/internal/adapters/http/item_handler.go:46.2,47.16 2 1
github.com/teamcubation/go-items-challenge/internal/adapters/http/item_handler.go:47.16,48.13 1 0
github.com/teamcubation/go-items-challenge/internal/adapters/http/item_handler.go:50.2,50.63 1 1
github.com/teamcubation/go-items-challenge/internal/adapters/http/item_handler.go:50.63,53.6 1 0
github.com/teamcubation/go-items-challenge/internal/adapters/http/item_handler.go:69.74,72.16 3 1
github.com/teamcubation/go-items-challenge/internal/adapters/http/item_handler.go:72.16,75.6 1 0
github.com/teamcubation/go-items-challenge/internal/adapters/http/item_handler.go:77.2,78.61 2 1
github.com/teamcubation/go-items-challenge/internal/adapters/http/item_handler.go:78.61,81.6 1 0
github.com/teamcubation/go-items-challenge/internal/adapters/http/item_handler.go:83.2,83.51 1 1
github.com/teamcubation/go-items-challenge/internal/adapters/http/item_handler.go:83.51,86.6 1 0
github.com/teamcubation/go-items-challenge/internal/adapters/http/item_handler.go:88.2,90.16 3 1
github.com/teamcubation/go-items-challenge/internal/adapters/http/item_handler.go:90.16,91.13 1 0
github.com/teamcubation/go-items-challenge/internal/adapters/http/item_handler.go:93.2,93.63 1 1
github.com/teamcubation/go-items-challenge/internal/adapters/http/item_handler.go:93.63,96.6 1 0
github.com/teamcubation/go-items-challenge/internal/adapters/http/item_handler.go:111.74,114.16 3 1
github.com/teamcubation/go-items-challenge/internal/adapters/http/item_handler.go:114.16,117.6 1 0
github.com/teamcubation/go-items-challenge/internal/adapters/http/item_handler.go:119.2,120.16 2 1
github.com/teamcubation/go-items-challenge/internal/adapters/http/item_handler.go:120.16,121.13 1 0
github.com/teamcubation/go-items-challenge/internal/adapters/http/item_handler.go:123.2,123.63 1 1
github.com/teamcubation/go-items-challenge/internal/adapters/http/item_handler.go:123.63,126.6 1 0
github.com/teamcubation/go-items-challenge/internal/adapters/http/item_handler.go:141.75,148.16 6 1
github.com/teamcubation/go-items-challenge/internal/adapters/http/item_handler.go:148.16,151.6 1 0
github.com/teamcubation/go-items-challenge/internal/adapters/http/item_handler.go:153.2,154.16 2 1
github.com/teamcubation/go-items-challenge/internal/adapters/http/item_handler.go:154.16,155.13 1 0
github.com/teamcubation/go-items-challenge/internal/adapters/http/item_handler.go:157.2,157.16 1 1
github.com/teamcubation/go-items-challenge/internal/adapters/http/item_handler.go:157.16,160.6 1 0
github.com/teamcubation/go-items-challenge/internal/adapters/http/item_handler.go:162.2,162.55 1 1
github.com/teamcubation/go-items-challenge/internal/adapters/http/item_handler.go:162.55,165.6 1 0
github.com/teamcubation/go-items-challenge/internal/adapters/http/item_handler.go:183.73,188.16 4 1
github.com/teamcubation/go-items-challenge/internal/adapters/http/item_handler.go:188.16,191.6 1 0
github.com/teamcubation/go-items-challenge/internal/adapters/http/item_handler.go:194.2,195.16 2 1
github.com/teamcubation/go-items-challenge/internal/adapters/http/item_handler.go:195.16,198.6 1 0
github.com/teamcubation/go-items-challenge/internal/adapters/http/item_handler.go:201.2,202.16 2 1
github.com/teamcubation/go-items-challenge/internal/adapters/http/item_handler.go:202.16,203.13 1 0
github.com/teamcubation/go-items-challenge/internal/adapters/http/item_handler.go:206.2,206.57 1 1
github.com/teamcubation/go-items-challenge/internal/adapters/http/item_handler.go:206.57,209.6 1 0
github.com/teamcubation/go-items-challenge/internal/adapters/http/presenter/error.go:17.38,19.2 1 0
github.com/teamcubation/go-items-challenge/internal/adapters/http/presenter/error.go:22.84,29.2 1 1
github.com/teamcubation/go-items-challenge/internal/ports/in/mocks/AuthService.go:19.89,22.19 2 1
github.com/teamcubation/go-items-challenge/internal/ports/in/mocks/AuthService.go:22.19,23.47 1 0
github.com/teamcubation/go-items-challenge/internal/ports/in/mocks/AuthService.go:26.2,28.88 3 1
github.com/teamcubation/go-items-challenge/internal/ports/in/mocks/AuthService.go:28.88,30.3 1 0
github.com/teamcubation/go-items-challenge/internal/ports/in/mocks/AuthService.go:31.2,31.79 1 1
github.com/teamcubation/go-items-challenge/internal/ports/in/mocks/AuthService.go:31.79,33.3 1 0
github.com/teamcubation/go-items-challenge/internal/ports/in/mocks/AuthService.go:33.8,35.3 1 1
github.com/teamcubation/go-items-challenge/internal/ports/in/mocks/AuthService.go:37.2,37.78 1 1
github.com/teamcubation/go-items-challenge/internal/ports/in/mocks/AuthService.go:37.78,39.3 1 0
github.com/teamcubation/go-items-challenge/internal/ports/in/mocks/AuthService.go:39.8,41.3 1 1
github.com/teamcubation/go-items-challenge/internal/ports/in/mocks/AuthService.go:43.2,43.15 1 1
github.com/teamcubation/go-items-challenge/internal/ports/in/mocks/AuthService.go:47.94,50.19 2 1
github.com/teamcubation/go-items-challenge/internal/ports/in/mocks/AuthService.go:50.19,51.54 1 0
github.com/teamcubation/go-items-challenge/internal/ports/in/mocks/AuthService.go:54.2,56.86 3 1
github.com/teamcubation/go-items-challenge/internal/ports/in/mocks/AuthService.go:56.86,58.3 1 0
github.com/teamcubation/go-items-challenge/internal/ports/in/mocks/AuthService.go:59.2,59.77 1 1
github.com/teamcubation/go-items-challenge/internal/ports/in/mocks/AuthService.go:59.77,61.3 1 0
github.com/teamcubation/go-items-challenge/internal/ports/in/mocks/AuthService.go:61.8,62.24 1 1
github.com/teamcubation/go-items-challenge/internal/ports/in/mocks/AuthService.go:62.24,64.4 1 1
github.com/teamcubation/go-items-challenge/internal/ports/in/mocks/AuthService.go:67.2,67.72 1 1
github.com/teamcubation/go-items-challenge/internal/ports/in/mocks/AuthService.go:67.72,69.3 1 0
github.com/teamcubation/go-items-challenge/internal/ports/in/mocks/AuthService.go:69.8,71.3 1 1
github.com/teamcubation/go-items-challenge/internal/ports/in/mocks/AuthService.go:73.2,73.15 1 1
github.com/teamcubation/go-items-challenge/internal/ports/in/mocks/AuthService.go:81.17,85.19 3 0
github.com/teamcubation/go-items-challenge/internal/ports/in/mocks/AuthService.go:85.19,85.49 1 0
github.com/teamcubation/go-items-challenge/internal/ports/in/mocks/AuthService.go:87.2,87.13 1 0
github.com/teamcubation/go-items-challenge/internal/ports/in/mocks/ItemService.go:19.92,22.19 2 1
github.com/teamcubation/go-items-challenge/internal/ports/in/mocks/ItemService.go:22.19,23.52 1 0
github.com/teamcubation/go-items-challenge/internal/ports/in/mocks/ItemService.go:26.2,28.86 3 1
github.com/teamcubation/go-items-challenge/internal/ports/in/mocks/ItemService.go:28.86,30.3 1 0
github.com/teamcubation/go-items-challenge/internal/ports/in/mocks/ItemService.go:31.2,31.77 1 1
github.com/teamcubation/go-items-challenge/internal/ports/in/mocks/ItemService.go:31.77,33.3 1 0
github.com/teamcubation/go-items-challenge/internal/ports/in/mocks/ItemService.go:33.8,34.24 1 1
github.com/teamcubation/go-items-challenge/internal/ports/in/mocks/ItemService.go:34.24,36.4 1 1
github.com/teamcubation/go-items-challenge/internal/ports/in/mocks/ItemService.go:39.2,39.72 1 1
github.com/teamcubation/go-items-challenge/internal/ports/in/mocks/ItemService.go:39.72,41.3 1 0
github.com/teamcubation/go-items-challenge/internal/ports/in/mocks/ItemService.go:41.8,43.3 1 1
github.com/teamcubation/go-items-challenge/internal/ports/in/mocks/ItemService.go:45.2,45.15 1 1
github.com/teamcubation/go-items-challenge/internal/ports/in/mocks/ItemService.go:49.84,52.19 2 1
github.com/teamcubation/go-items-challenge/internal/ports/in/mocks/ItemService.go:52.19,53.52 1 0
github.com/teamcubation/go-items-challenge/internal/ports/in/mocks/ItemService.go:56.2,58.79 3 1
github.com/teamcubation/go-items-challenge/internal/ports/in/mocks/ItemService.go:58.79,60.3 1 0
github.com/teamcubation/go-items-challenge/internal/ports/in/mocks/ItemService.go:61.2,61.70 1 1
github.com/teamcubation/go-items-challenge/internal/ports/in/mocks/ItemService.go:61.70,63.3 1 0
github.com/teamcubation/go-items-challenge/internal/ports/in/mocks/ItemService.go:63.8,64.24 1 1
github.com/teamcubation/go-items-challenge/internal/ports/in/mocks/ItemService.go:64.24,66.4 1 1
github.com/teamcubation/go-items-challenge/internal/ports/in/mocks/ItemService.go:69.2,69.65 1 1
github.com/teamcubation/go-items-challenge/internal/ports/in/mocks/ItemService.go:69.65,71.3 1 0
github.com/teamcubation/go-items-challenge/internal/ports/in/mocks/ItemService.go:71.8,73.3 1 1
github.com/teamcubation/go-items-challenge/internal/ports/in/mocks/ItemService.go:75.2,75.15 1 1
github.com/teamcubation/go-items-challenge/internal/ports/in/mocks/ItemService.go:79.85,82.19 2 1
github.com/teamcubation/go-items-challenge/internal/ports/in/mocks/ItemService.go:82.19,83.53 1 0
github.com/teamcubation/go-items-challenge/internal/ports/in/mocks/ItemService.go:86.2,88.79 3 1
github.com/teamcubation/go-items-challenge/internal/ports/in/mocks/ItemService.go:88.79,90.3 1 0
github.com/teamcubation/go-items-challenge/internal/ports/in/mocks/ItemService.go:91.2,91.70 1 1
github.com/teamcubation/go-items-challenge/internal/ports/in/mocks/ItemService.go:91.70,93.3 1 0
github.com/teamcubation/go-items-challenge/internal/ports/in/mocks/ItemService.go:93.8,94.24 1 1
github.com/teamcubation/go-items-challenge/internal/ports/in/mocks/ItemService.go:94.24,96.4 1 1
github.com/teamcubation/go-items-challenge/internal/ports/in/mocks/ItemService.go:99.2,99.65 1 1
github.com/teamcubation/go-items-challenge/internal/ports/in/mocks/ItemService.go:99.65,101.3 1 0
github.com/teamcubation/go-items-challenge/internal/ports/in/mocks/ItemService.go:101.8,103.3 1 1
github.com/teamcubation/go-items-challenge/internal/ports/in/mocks/ItemService.go:105.2,105.15 1 1
github.com/teamcubation/go-items-challenge/internal/ports/in/mocks/ItemService.go:109.80,112.19 2 0
github.com/teamcubation/go-items-challenge/internal/ports/in/mocks/ItemService.go:112.19,113.58 1 0
github.com/teamcubation/go-items-challenge/internal/ports/in/mocks/ItemService.go:116.2,117.67 2 0
github.com/teamcubation/go-items-challenge/internal/ports/in/mocks/ItemService.go:117.67,119.3 1 0
github.com/teamcubation/go-items-challenge/internal/ports/in/mocks/ItemService.go:119.8,121.3 1 0
github.com/teamcubation/go-items-challenge/internal/ports/in/mocks/ItemService.go:123.2,123.11 1 0
github.com/teamcubation/go-items-challenge/internal/ports/in/mocks/ItemService.go:127.118,130.19 2 1
github.com/teamcubation/go-items-challenge/internal/ports/in/mocks/ItemService.go:130.19,131.51 1 0
github.com/teamcubation/go-items-challenge/internal/ports/in/mocks/ItemService.go:134.2,137.99 4 1
github.com/teamcubation/go-items-challenge/internal/ports/in/mocks/ItemService.go:137.99,139.3 1 0
github.com/teamcubation/go-items-challenge/internal/ports/in/mocks/ItemService.go:140.2,140.85 1 1
github.com/teamcubation/go-items-challenge/internal/ports/in/mocks/ItemService.go:140.85,142.3 1 0
github.com/teamcubation/go-items-challenge/internal/ports/in/mocks/ItemService.go:142.8,143.24 1 1
github.com/teamcubation/go-items-challenge/internal/ports/in/mocks/ItemService.go:143.24,145.4 1 1
github.com/teamcubation/go-items-challenge/internal/ports/in/mocks/ItemService.go:148.2,148.76 1 1
github.com/teamcubation/go-items-challenge/internal/ports/in/mocks/ItemService.go:148.76,150.3 1 0
github.com/teamcubation/go-items-challenge/internal/ports/in/mocks/ItemService.go:150.8,152.3 1 1
github.com/teamcubation/go-items-challenge/internal/ports/in/mocks/ItemService.go:154.2,154.78 1 1
github.com/teamcubation/go-items-challenge/internal/ports/in/mocks/ItemService.go:154.78,156.3 1 0
github.com/teamcubation/go-items-challenge/internal/ports/in/mocks/ItemService.go:156.8,158.3 1 1
github.com/teamcubation/go-items-challenge/internal/ports/in/mocks/ItemService.go:160.2,160.19 1 1
github.com/teamcubation/go-items-challenge/internal/ports/in/mocks/ItemService.go:164.92,167.19 2 1
github.com/teamcubation/go-items-challenge/internal/ports/in/mocks/ItemService.go:167.19,168.52 1 0
github.com/teamcubation/go-items-challenge/internal/ports/in/mocks/ItemService.go:171.2,173.86 3 1
github.com/teamcubation/go-items-challenge/internal/ports/in/mocks/ItemService.go:173.86,175.3 1 0
github.com/teamcubation/go-items-challenge/internal/ports/in/mocks/ItemService.go:176.2,176.77 1 1
github.com/teamcubation/go-items-challenge/internal/ports/in/mocks/ItemService.go:176.77,178.3 1 0
github.com/teamcubation/go-items-challenge/internal/ports/in/mocks/ItemService.go:178.8,179.24 1 1
github.com/teamcubation/go-items-challenge/internal/ports/in/mocks/ItemService.go:179.24,181.4 1 1
github.com/teamcubation/go-items-challenge/internal/ports/in/mocks/ItemService.go:184.2,184.72 1 1
github.com/teamcubation/go-items-challenge/internal/ports/in/mocks/ItemService.go:184.72,186.3 1 0
github.com/teamcubation/go-items-challenge/internal/ports/in/mocks/ItemService.go:186.8,188.3 1 1
github.com/teamcubation/go-items-challenge/internal/ports/in/mocks/ItemService.go:190.2,190.15 1 1
github.com/teamcubation/go-items-challenge/internal/ports/in/mocks/ItemService.go:198.17,202.19 3 0
github.com/teamcubation/go-items-challenge/internal/ports/in/mocks/ItemService.go:202.19,202.49 1 0
github.com/teamcubation/go-items-challenge/internal/ports/in/mocks/ItemService.go:204.2,204.13 1 0
github.com/teamcubation/go-items-challenge/internal/utils/http_utils.go:8.70,11.16 3 0
github.com/teamcubation/go-items-challenge/internal/utils/http_utils.go:11.16,13.3 1 0
github.com/teamcubation/go-items-challenge/internal/utils/password.go:5.52,8.2 2 0
github.com/teamcubation/go-items-challenge/internal/utils/token.go:16.48,26.16 5 0
github.com/teamcubation/go-items-challenge/internal/utils/token.go:26.16,28.3 1 0
github.com/teamcubation/go-items-challenge/internal/utils/token.go:29.2,29.25 1 0
github.com/teamcubation/go-items-challenge/internal/utils/validate_fields.go:7.13,9.2 1 1
github.com/teamcubation/go-items-challenge/internal/utils/validate_fields.go:10.45,12.2 1 1
github.com/teamcubation/go-items-challenge/pkg/log/logger.go:17.33,24.2 5 1
github.com/teamcubation/go-items-challenge/pkg/log/logger.go:26.33,27.23 1 1
github.com/teamcubation/go-items-challenge/pkg/log/logger.go:27.23,29.3 1 1
github.com/teamcubation/go-items-challenge/pkg/log/logger.go:31.2,31.19 1 1
github.com/teamcubation/go-items-challenge/pkg/log/logger.go:34.47,36.17 2 1
github.com/teamcubation/go-items-challenge/pkg/log/logger.go:36.17,38.3 1 1
github.com/teamcubation/go-items-challenge/pkg/log/logger.go:40.2,42.73 2 1
github.com/teamcubation/go-items-challenge/pkg/log/logger.go:45.56,47.9 2 1
github.com/teamcubation/go-items-challenge/pkg/log/logger.go:47.9,49.3 1 1
github.com/teamcubation/go-items-challenge/pkg/log/logger.go:51.2,51.15 1 1
github.com/teamcubation/go-items-challenge/pkg/log/logger.go:54.56,56.2 1 0
github.com/teamcubation/go-items-challenge/pkg/log/logger.go:58.36,60.2 1 1
github.com/teamcubation/go-items-challenge/internal/adapters/http/middleware/auth_middleware.go:23.53,24.71 1 1
github.com/teamcubation/go-items-challenge/internal/adapters/http/middleware/auth_middleware.go:24.71,28.24 2 1
github.com/teamcubation/go-items-challenge/internal/adapters/http/middleware/auth_middleware.go:28.24,29.81 1 1
github.com/teamcubation/go-items-challenge/internal/adapters/http/middleware/auth_middleware.go:32.3,35.98 3 1
github.com/teamcubation/go-items-challenge/internal/adapters/http/middleware/auth_middleware.go:35.98,37.4 1 1
github.com/teamcubation/go-items-challenge/internal/adapters/http/middleware/auth_middleware.go:38.3,38.33 1 1
github.com/teamcubation/go-items-challenge/internal/adapters/http/middleware/auth_middleware.go:38.33,39.66 1 1
github.com/teamcubation/go-items-challenge/internal/adapters/http/middleware/auth_middleware.go:41.3,41.25 1 1
github.com/teamcubation/go-items-challenge/internal/adapters/http/middleware/auth_middleware.go:41.25,42.66 1 1
github.com/teamcubation/go-items-challenge/internal/adapters/http/middleware/auth_middleware.go:43.4,43.10 1 0
github.com/teamcubation/go-items-challenge/internal/adapters/http/middleware/auth_middleware.go:45.3,46.40 2 1
github.com/teamcubation/go-items-challenge/internal/adapters/http/middleware/error_handler.go:9.62,10.71 1 1
github.com/teamcubation/go-items-challenge/internal/adapters/http/middleware/error_handler.go:10.71,11.16 1 1
github.com/teamcubation/go-items-challenge/internal/adapters/http/middleware/error_handler.go:11.16,12.36 1 1
github.com/teamcubation/go-items-challenge/internal/adapters/http/middleware/error_handler.go:12.36,14.28 2 1
github.com/teamcubation/go-items-challenge/internal/adapters/http/middleware/error_handler.go:15.33,16.19 1 1
github.com/teamcubation/go-items-challenge/internal/adapters/http/middleware/error_handler.go:17.13,18.77 1 1
github.com/teamcubation/go-items-challenge/internal/adapters/http/middleware/error_handler.go:22.5,26.41 4 1
github.com/teamcubation/go-items-challenge/internal/adapters/http/middleware/error_handler.go:29.3,29.23 1 1
github.com/teamcubation/go-items-challenge/internal/adapters/http/middleware/error_handler.go:33.40,34.14 1 1
github.com/teamcubation/go-items-challenge/internal/adapters/http/middleware/error_handler.go:35.71,36.31 1 1
github.com/teamcubation/go-items-challenge/internal/adapters/http/middleware/error_handler.go:37.59,38.33 1 1
github.com/teamcubation/go-items-challenge/internal/adapters/http/middleware/error_handler.go:39.29,40.29 1 1
github.com/teamcubation/go-items-challenge/internal/adapters/http/middleware/error_handler.go:41.10,42.40 1 1
github.com/teamcubation/go-items-challenge/internal/adapters/http/middleware/validate_item_middleware.go:10.37,11.30 1 1
github.com/teamcubation/go-items-challenge/internal/adapters/http/middleware/validate_item_middleware.go:11.30,13.52 2 1
github.com/teamcubation/go-items-challenge/internal/adapters/http/middleware/validate_item_middleware.go:13.52,17.4 3 1
github.com/teamcubation/go-items-challenge/internal/adapters/http/middleware/validate_item_middleware.go:18.3,19.11 2 1
github.com/teamcubation/go-items-challenge/internal/adapters/http/presenter/error.go:17.38,19.2 1 0
github.com/teamcubation/go-items-challenge/internal/adapters/http/presenter/error.go:22.84,29.2 1 1
github.com/teamcubation/go-items-challenge/internal/adapters/http/presenter/error.go:17.38,19.2 1 0
github.com/teamcubation/go-items-challenge/internal/adapters/http/presenter/error.go:22.84,29.2 1 1
github.com/teamcubation/go-items-challenge/internal/adapters/repository/item_model.go:21.37,23.2 1 0
github.com/teamcubation/go-items-challenge/internal/adapters/repository/item_model.go:25.59,26.20 1 0
github.com/teamcubation/go-items-challenge/internal/adapters/repository/item_model.go:26.20,28.3 1 0
github.com/teamcubation/go-items-challenge/internal/adapters/repository/item_model.go:28.8,30.3 1 0
github.com/teamcubation/go-items-challenge/internal/adapters/repository/item_model.go:31.2,31.8 1 0
github.com/teamcubation/go-items-challenge/internal/adapters/repository/pg_item_repository.go:22.53,24.2 1 0
github.com/teamcubation/go-items-challenge/internal/adapters/repository/pg_item_repository.go:26.94,28.24 2 0
github.com/teamcubation/go-items-challenge/internal/adapters/repository/pg_item_repository.go:28.24,30.3 1 0
github.com/teamcubation/go-items-challenge/internal/adapters/repository/pg_item_repository.go:31.2,35.39 3 0
github.com/teamcubation/go-items-challenge/internal/adapters/repository/pg_item_repository.go:35.39,37.3 1 0
github.com/teamcubation/go-items-challenge/internal/adapters/repository/pg_item_repository.go:40.2,40.19 1 0
github.com/teamcubation/go-items-challenge/internal/adapters/repository/pg_item_repository.go:40.19,42.3 1 0
github.com/teamcubation/go-items-challenge/internal/adapters/repository/pg_item_repository.go:42.8,44.3 1 0
github.com/teamcubation/go-items-challenge/internal/adapters/repository/pg_item_repository.go:47.2,48.72 2 0
github.com/teamcubation/go-items-challenge/internal/adapters/repository/pg_item_repository.go:48.72,50.3 1 0
github.com/teamcubation/go-items-challenge/internal/adapters/repository/pg_item_repository.go:52.2,52.64 1 0
github.com/teamcubation/go-items-challenge/internal/adapters/repository/pg_item_repository.go:52.64,54.3 1 0
github.com/teamcubation/go-items-challenge/internal/adapters/repository/pg_item_repository.go:56.2,56.17 1 0
github.com/teamcubation/go-items-challenge/internal/adapters/repository/pg_item_repository.go:59.87,65.68 5 0
github.com/teamcubation/go-items-challenge/internal/adapters/repository/pg_item_repository.go:65.68,66.45 1 0
github.com/teamcubation/go-items-challenge/internal/adapters/repository/pg_item_repository.go:66.45,68.4 1 0
github.com/teamcubation/go-items-challenge/internal/adapters/repository/pg_item_repository.go:69.3,69.18 1 0
github.com/teamcubation/go-items-challenge/internal/adapters/repository/pg_item_repository.go:72.2,72.20 1 0
github.com/teamcubation/go-items-challenge/internal/adapters/repository/pg_item_repository.go:72.20,74.3 1 0
github.com/teamcubation/go-items-challenge/internal/adapters/repository/pg_item_repository.go:74.8,76.3 1 0
github.com/teamcubation/go-items-challenge/internal/adapters/repository/pg_item_repository.go:78.2,78.63 1 0
github.com/teamcubation/go-items-challenge/internal/adapters/repository/pg_item_repository.go:78.63,80.3 1 0
github.com/teamcubation/go-items-challenge/internal/adapters/repository/pg_item_repository.go:82.2,82.18 1 0
github.com/teamcubation/go-items-challenge/internal/adapters/repository/pg_item_repository.go:85.94,87.24 2 0
github.com/teamcubation/go-items-challenge/internal/adapters/repository/pg_item_repository.go:87.24,89.3 1 0
github.com/teamcubation/go-items-challenge/internal/adapters/repository/pg_item_repository.go:91.2,92.81 2 0
github.com/teamcubation/go-items-challenge/internal/adapters/repository/pg_item_repository.go:92.81,93.45 1 0
github.com/teamcubation/go-items-challenge/internal/adapters/repository/pg_item_repository.go:93.45,95.4 1 0
github.com/teamcubation/go-items-challenge/internal/adapters/repository/pg_item_repository.go:96.3,96.18 1 0
github.com/teamcubation/go-items-challenge/internal/adapters/repository/pg_item_repository.go:100.2,100.67 1 0
github.com/teamcubation/go-items-challenge/internal/adapters/repository/pg_item_repository.go:100.67,102.3 1 0
github.com/teamcubation/go-items-challenge/internal/adapters/repository/pg_item_repository.go:103.2,103.77 1 0
github.com/teamcubation/go-items-challenge/internal/adapters/repository/pg_item_repository.go:103.77,105.3 1 0
github.com/teamcubation/go-items-challenge/internal/adapters/repository/pg_item_repository.go:108.2,108.20 1 0
github.com/teamcubation/go-items-challenge/internal/adapters/repository/pg_item_repository.go:108.20,110.3 1 0
github.com/teamcubation/go-items-challenge/internal/adapters/repository/pg_item_repository.go:113.2,113.35 1 0
github.com/teamcubation/go-items-challenge/internal/adapters/repository/pg_item_repository.go:113.35,115.3 1 0
github.com/teamcubation/go-items-challenge/internal/adapters/repository/pg_item_repository.go:117.2,124.29 7 0
github.com/teamcubation/go-items-challenge/internal/adapters/repository/pg_item_repository.go:124.29,126.3 1 0
github.com/teamcubation/go-items-challenge/internal/adapters/repository/pg_item_repository.go:126.8,128.3 1 0
github.com/teamcubation/go-items-challenge/internal/adapters/repository/pg_item_repository.go:130.2,130.72 1 0
github.com/teamcubation/go-items-challenge/internal/adapters/repository/pg_item_repository.go:130.72,132.3 1 0
github.com/teamcubation/go-items-challenge/internal/adapters/repository/pg_item_repository.go:134.2,140.17 6 0
github.com/teamcubation/go-items-challenge/internal/adapters/repository/pg_item_repository.go:143.86,145.68 2 0
github.com/teamcubation/go-items-challenge/internal/adapters/repository/pg_item_repository.go:145.68,146.36 1 0
github.com/teamcubation/go-items-challenge/internal/adapters/repository/pg_item_repository.go:146.36,148.4 1 0
github.com/teamcubation/go-items-challenge/internal/adapters/repository/pg_item_repository.go:149.3,149.18 1 0
github.com/teamcubation/go-items-challenge/internal/adapters/repository/pg_item_repository.go:151.2,151.65 1 0
github.com/teamcubation/go-items-challenge/internal/adapters/repository/pg_item_repository.go:151.65,153.3 1 0
github.com/teamcubation/go-items-challenge/internal/adapters/repository/pg_item_repository.go:154.2,154.18 1 0
github.com/teamcubation/go-items-challenge/internal/adapters/repository/pg_item_repository.go:157.117,159.48 2 0
github.com/teamcubation/go-items-challenge/internal/adapters/repository/pg_item_repository.go:159.48,161.3 1 0
github.com/teamcubation/go-items-challenge/internal/adapters/repository/pg_item_repository.go:163.2,166.25 4 0
github.com/teamcubation/go-items-challenge/internal/adapters/repository/pg_item_repository.go:166.25,168.3 1 0
github.com/teamcubation/go-items-challenge/internal/adapters/repository/pg_item_repository.go:170.2,179.22 5 0
github.com/teamcubation/go-items-challenge/internal/adapters/repository/pg_item_repository.go:182.82,186.2 3 0
github.com/teamcubation/go-items-challenge/internal/adapters/repository/pg_user_repository.go:16.56,18.2 1 0
github.com/teamcubation/go-items-challenge/internal/adapters/repository/pg_user_repository.go:20.78,23.2 1 0
github.com/teamcubation/go-items-challenge/internal/adapters/repository/pg_user_repository.go:25.102,27.108 2 0
github.com/teamcubation/go-items-challenge/internal/adapters/repository/pg_user_repository.go:27.108,28.45 1 0
github.com/teamcubation/go-items-challenge/internal/adapters/repository/pg_user_repository.go:28.45,30.4 1 0
github.com/teamcubation/go-items-challenge/internal/adapters/repository/pg_user_repository.go:31.3,31.18 1 0
github.com/teamcubation/go-items-challenge/internal/adapters/repository/pg_user_repository.go:33.2,33.16 1 0
github.com/teamcubation/go-items-challenge/pkg/log/logger.go:17.33,24.2 5 0
github.com/teamcubation/go-items-challenge/pkg/log/logger.go:26.33,27.23 1 0
github.com/teamcubation/go-items-challenge/pkg/log/logger.go:27.23,29.3 1 0
github.com/teamcubation/go-items-challenge/pkg/log/logger.go:31.2,31.19 1 0
github.com/teamcubation/go-items-challenge/pkg/log/logger.go:34.47,36.17 2 0
github.com/teamcubation/go-items-challenge/pkg/log/logger.go:36.17,38.3 1 0
github.com/teamcubation/go-items-challenge/pkg/log/logger.go:40.2,42.73 2 0
github.com/teamcubation/go-items-challenge/pkg/log/logger.go:45.56,47.9 2 0
github.com/teamcubation/go-items-challenge/pkg/log/logger.go:47.9,49.3 1 0
github.com/teamcubation/go-items-challenge/pkg/log/logger.go:51.2,51.15 1 0
github.com/teamcubation/go-items-challenge/pkg/log/logger.go:54.56,56.2 1 0
github.com/teamcubation/go-items-challenge/pkg/log/logger.go:58.36,60.2 1 0
github.com/teamcubation/go-items-challenge/internal/adapters/client/category_client.go:17.59,24.59 1 1
github.com/teamcubation/go-items-challenge/internal/adapters/client/category_client.go:24.59,26.4 1 1
github.com/teamcubation/go-items-challenge/internal/adapters/client/category_client.go:28.2,31.3 1 1
github.com/teamcubation/go-items-challenge/internal/adapters/client/category_client.go:39.84,48.16 4 1
github.com/teamcubation/go-items-challenge/internal/adapters/client/category_client.go:48.16,50.3 1 0
github.com/teamcubation/go-items-challenge/internal/adapters/client/category_client.go:52.2,52.20 1 1
github.com/teamcubation/go-items-challenge/internal/adapters/client/category_client.go:52.20,54.3 1 1
github.com/teamcubation/go-items-challenge/internal/adapters/client/category_client.go:57.2,57.29 1 1
